calcNormFactors has been renamed to normLibSizes
calcNormFactors has been renamed to normLibSizes
[S] voom     rep  1  deg   65/ 217 both   35  repro 0.248  rho 0.482  top500 0.248
calcNormFactors has been renamed to normLibSizes
calcNormFactors has been renamed to normLibSizes
[S] voom     rep  2  deg   86/ 173 both   59  repro 0.456  rho 0.665  top500 0.352
calcNormFactors has been renamed to normLibSizes
calcNormFactors has been renamed to normLibSizes
[S] voom     rep  3  deg  133/ 221 both   58  repro 0.328  rho 0.527  top500 0.286
calcNormFactors has been renamed to normLibSizes
calcNormFactors has been renamed to normLibSizes
[S] voom     rep  4  deg   75/ 118 both   43  repro 0.446  rho 0.541  top500 0.286
calcNormFactors has been renamed to normLibSizes
calcNormFactors has been renamed to normLibSizes
[S] voom     rep  5  deg  625/  54 both   42  repro 0.124  rho 0.393  top500 0.290
calcNormFactors has been renamed to normLibSizes
calcNormFactors has been renamed to normLibSizes
[S] trend    rep  1  deg   54/ 186 both   33  repro 0.275  rho 0.472  top500 0.252
calcNormFactors has been renamed to normLibSizes
calcNormFactors has been renamed to normLibSizes
[S] trend    rep  2  deg   78/ 181 both   56  repro 0.432  rho 0.652  top500 0.332
calcNormFactors has been renamed to normLibSizes
calcNormFactors has been renamed to normLibSizes
[S] trend    rep  3  deg  141/ 209 both   61  repro 0.349  rho 0.487  top500 0.276
calcNormFactors has been renamed to normLibSizes
calcNormFactors has been renamed to normLibSizes
[S] trend    rep  4  deg   67/  97 both   39  repro 0.476  rho 0.541  top500 0.300
calcNormFactors has been renamed to normLibSizes
calcNormFactors has been renamed to normLibSizes
[S] trend    rep  5  deg  570/  45 both   37  repro 0.120  rho 0.394  top500 0.278

== S: split-half reproducibility over 5 splits ==
 method reps deg_half_mean deg_both_mean repro_mean repro_sd spearman_mean
  trend    5         162.8          45.2     0.3304   0.1406        0.5094
   voom    5         176.7          47.4     0.3202   0.1396        0.5220
 top500_mean sign_agree_mean
      0.2876          0.9659
      0.2924          0.9670

[null] done
