== 07_celltype_limma ==
A: 12368 x 5 x 474 | lineages: gran, mono, T, NK, B
A: 0 non-finite of 29312160 | SE: 0 non-finite, 0 exactly zero | SE range 0.163 .. 6.401

LI_raw: n=226, min p across lineages = 2.41e-12
LI_ilr: n=226, min p across lineages = 5.21e-12
BPD_raw: n=308, min p across lineages = 1.45e-05
BPD_ilr: n=308, min p across lineages = 1.86e-05
Warning messages:
1: Zero sample variances detected, have been offset away from zero 
2: Zero sample variances detected, have been offset away from zero 

=== weight repair (how many posterior SEs needed fixing) ===
     run n_capped_high n_set_low
 BPD_ilr             0         0
 BPD_raw             0         0
  LI_ilr             0         0
  LI_raw             0         0

=== per lineage (BH within lineage) ===
 contrast adjust lineage mean_frac deg   pct    min_p    pi0 pi0_lo pi0_hi
       LI    raw    gran    0.3874 109 0.881 1.10e-09 0.3144 0.3011 0.3273
       LI    raw    mono    0.2724  20 0.162 1.28e-10 0.9487 0.9309 0.9667
       LI    raw       T    0.2472  28 0.226 2.41e-12 1.0000 1.0000 1.0000
       LI    raw      NK    0.0785   4 0.032 1.84e-07 1.0000 1.0000 1.0000
       LI    raw       B    0.0145   0 0.000 1.33e-04 0.4166 0.4012 0.4313
       LI    ilr    gran    0.3874 123 0.995 1.25e-09 0.4670 0.4515 0.4814
       LI    ilr    mono    0.2724  24 0.194 5.21e-12 0.6957 0.6798 0.7125
       LI    ilr       T    0.2472  31 0.251 1.39e-11 0.7372 0.7207 0.7539
       LI    ilr      NK    0.0785   7 0.057 3.37e-09 1.0000 1.0000 1.0000
       LI    ilr       B    0.0145   0 0.000 2.56e-05 0.2707 0.2584 0.2825
      BPD    raw    gran    0.3874   0 0.000 1.21e-04 1.0000 1.0000 1.0000
      BPD    raw    mono    0.2724   0 0.000 1.45e-05 1.0000 1.0000 1.0000
      BPD    raw       T    0.2472   0 0.000 3.03e-05 0.5268 0.5115 0.5417
      BPD    raw      NK    0.0785   0 0.000 4.03e-04 0.8829 0.8663 0.9006
      BPD    raw       B    0.0145   0 0.000 8.08e-05 0.4395 0.4258 0.4536
      BPD    ilr    gran    0.3874   0 0.000 2.09e-04 1.0000 1.0000 1.0000
      BPD    ilr    mono    0.2724   0 0.000 1.86e-05 1.0000 1.0000 1.0000
      BPD    ilr       T    0.2472   0 0.000 1.11e-04 0.5259 0.5102 0.5411
      BPD    ilr      NK    0.0785   0 0.000 8.91e-04 1.0000 1.0000 1.0000
      BPD    ilr       B    0.0145   0 0.000 7.48e-05 0.3488 0.3357 0.3619

=== pooled (BH over all lineage x gene tests) ===
     run n_tests n_na deg_tests deg_unique_genes pct_of_genes
  LI_raw   61840    0       105               66        0.534
  LI_ilr   61840    0       130               77        0.623
 BPD_raw   61840    0         0                0        0.000
 BPD_ilr   61840    0         0                0        0.000

================== PRE-SPECIFIED DECISIONS ==================

CT_LI  (expect FEW)
  per lineage: gran=0.881%  mono=0.162%  T=0.226%  NK=0.032%  B=0.000%
  all below 0.5%: FALSE | all pi0 CIs include 1: FALSE
  pooled 66 genes (0.534%)
  VERDICT: INCONCLUSIVE

CT_BPD (expect MORE than whole blood)
  whole blood 0.032% (4 genes) | cell type 0.000% (0 genes)
  VERDICT: REFUTED

wrote results/celltype_limma_*.csv
