
===== I  DIAGNOSTIC -- does the abundance filter cap the observable effect size? =====
sex-marker genes present in the count matrix: 9/9
of those, surviving the CANONICAL filter:     0
 symbol         ensembl in_matrix passes_canonical_filter
   XIST ENSG00000229807      TRUE                   FALSE
 RPS4Y1 ENSG00000129824      TRUE                   FALSE
  DDX3Y ENSG00000067048      TRUE                   FALSE
  KDM5D ENSG00000012817      TRUE                   FALSE
    UTY ENSG00000183878      TRUE                   FALSE
  USP9Y ENSG00000114374      TRUE                   FALSE
 EIF1AY ENSG00000198692      TRUE                   FALSE
 NLGN4Y ENSG00000165246      TRUE                   FALSE
 TXLNGY ENSG00000131002      TRUE                   FALSE
calcNormFactors has been renamed to normLibSizes
calcNormFactors has been renamed to normLibSizes
calcNormFactors has been renamed to normLibSizes
calcNormFactors has been renamed to normLibSizes
calcNormFactors has been renamed to normLibSizes
calcNormFactors has been renamed to normLibSizes
calcNormFactors has been renamed to normLibSizes
calcNormFactors has been renamed to normLibSizes
calcNormFactors has been renamed to normLibSizes
