canonical mc10_mp090: 12173 genes, 1382 DEG
loosest   mc0_mp010: 37326 genes, 881 DEG

== A. signal by expression stratum (loosest universe, 37k genes) ==
                        axis    bin     n med_aveexpr med_detect10    pi0
              AveExpr decile    D01  3733     -3.6778     0.000000 0.7710
              AveExpr decile    D02  3734     -3.5591     0.000000 0.9572
              AveExpr decile    D03  3731     -3.3468     0.000000 1.0000
              AveExpr decile    D04  3733     -2.9146     0.000000 0.9987
              AveExpr decile    D05  3732     -2.0186     0.004425 0.9555
              AveExpr decile    D06  3733     -0.6296     0.115044 0.8251
              AveExpr decile    D07  3732      1.1127     0.778761 0.7036
              AveExpr decile    D08  3733      3.0392     0.982301 0.5577
              AveExpr decile    D09  3732      4.6897     1.000000 0.4952
              AveExpr decile    D10  3733      6.5766     1.000000 0.4474
 detection rate (>10 counts)      0 15750     -3.4412     0.000000 0.9098
 detection rate (>10 counts)  0-10%  4504     -1.8902     0.030973 1.0000
 detection rate (>10 counts) 10-25%  1346     -0.4540     0.159292 0.8276
 detection rate (>10 counts) 25-50%  1355      0.1267     0.371681 0.8030
 detection rate (>10 counts) 50-75%  1168      0.7146     0.632743 0.7740
 detection rate (>10 counts) 75-90%  1030      1.2995     0.840708 0.6583
 detection rate (>10 counts)  >=90% 12173      4.4931     1.000000 0.5083
 pct_p05 pct_p001 n_deg_globalFDR n_deg_binFDR frac_in_canon
  10.474   0.2947              16            0        0.0000
   6.802   0.3482              14            0        0.0000
   6.245   0.2144              10            0        0.0000
   6.027   0.3750              15            0        0.0000
   7.476   0.6163              24            8        0.0000
  10.956   1.2858              51           28        0.0000
  16.774   2.7599             106          127        0.2698
  25.449   4.0718             158          249        0.9920
  29.207   4.4480             180          318        0.9997
  37.155   7.8489             307          716        0.9997
   7.994   0.3746              69            0        0.0000
   6.239   0.6217              29           13        0.0000
  10.847   1.3373              20            9        0.0000
  12.694   1.5498              21           19        0.0000
  15.240   2.6541              32           34        0.0000
  18.350   2.8155              31           41        0.0000
  29.730   5.2986             679         1302        1.0000

== B. decomposition of the DEG loss ==
                                                       scenario n_genes  n_deg
                                         canonical as published   12173 1382.0
 canonical p-values + uniform noise genes (median of 500 draws)   37326  715.5
            canonical p-values + the real extra genes' p-values   37326  992.0
    loose fit restricted to the canonical genes, BH inside them   12173 1302.0
                                     loose fit as run (all 37k)   37326  881.0
uniform-padding simulation: median 716  (2.5%-97.5%: 703-731)
extra genes: 25153 tested, 202 reach FDR<0.05 in the loose fit, pi0=0.900
canonical genes re-fitted in the loose matrix: Spearman(p) = 0.9905, Pearson(t) = 0.9983, Pearson(logFC) = 0.9986

== C. concordance at the top: fraction of the top-k shared with the canonical ranking ==
         tag n_genes cat.100 cat.250 cat.500 cat.1000 cat.2000 cat.5000
    nofilter   57773    0.72   0.508   0.326    0.219    0.128   0.0794
   mc0_mp010   37326    0.89   0.820   0.776    0.760    0.723   0.6412
   mc1_mp010   28812    0.90   0.804   0.770    0.784    0.778   0.7352
   mc0_mp025   28484    0.90   0.804   0.768    0.786    0.777   0.7294
   mc0_mp050   23843    0.90   0.812   0.782    0.801    0.787   0.7506
   mc1_mp025   23586    0.90   0.816   0.790    0.811    0.789   0.7468
  fbe_design   23246    0.90   0.840   0.816    0.832    0.818   0.7766
   mc1_mp050   20673    0.90   0.844   0.816    0.824    0.808   0.7670
   mc0_mp075   20645    0.90   0.832   0.810    0.826    0.812   0.7746
   mc5_mp010   20132    0.90   0.836   0.822    0.823    0.806   0.7652
   mc0_mp090   18367    0.91   0.848   0.840    0.847    0.837   0.8006
   mc1_mp075   18351    0.91   0.860   0.848    0.852    0.840   0.8018
   mc5_mp025   18126    0.90   0.820   0.804    0.825    0.832   0.8134
  mc10_mp010   17072    0.92   0.840   0.824    0.841    0.847   0.8334
   mc1_mp090   16482    0.94   0.880   0.872    0.881    0.877   0.8472
   mc5_mp050   16411    0.93   0.860   0.854    0.869    0.868   0.8490
   fbe_group   15978    0.93   0.880   0.872    0.878    0.877   0.8468
  mc10_mp025   15726    0.94   0.880   0.870    0.885    0.882   0.8592
   mc5_mp075   14871    0.95   0.892   0.876    0.892    0.896   0.8890
  mc20_mp010   14541    0.96   0.892   0.888    0.905    0.908   0.8910
  mc10_mp050   14387    0.95   0.904   0.906    0.921    0.918   0.8992
 fbe_nogroup   13789    0.95   0.916   0.920    0.930    0.928   0.9236
   mc5_mp090   13588    0.97   0.944   0.936    0.950    0.945   0.9304
  mc20_mp025   13554    0.96   0.932   0.924    0.934    0.935   0.9260
  mc10_mp075   13203    0.98   0.948   0.942    0.946    0.945   0.9442
   mc0_mp100   12603    0.96   0.952   0.940    0.949    0.956   0.9500
  mc20_mp050   12566    0.98   0.972   0.962    0.967    0.972   0.9704
  mc10_mp090   12173    1.00   1.000   1.000    1.000    1.000   1.0000
  mc50_mp010   11771    0.97   0.956   0.952    0.962    0.955   0.9528
  mc20_mp075   11556    0.97   0.956   0.970    0.965    0.965   0.9620
   mc1_mp100   11111    0.94   0.932   0.940    0.934    0.935   0.9254
  mc50_mp025   10988    0.96   0.928   0.936    0.932    0.922   0.9204
  mc20_mp090   10532    0.95   0.912   0.924    0.922    0.911   0.8990
  mc50_mp050   10082    0.93   0.900   0.904    0.898    0.886   0.8712
  mc50_mp075    9137    0.89   0.828   0.838    0.836    0.824   0.8032
   mc5_mp100    8377    0.83   0.764   0.778    0.767    0.743   0.7328
  mc50_mp090    8002    0.83   0.776   0.778    0.767    0.751   0.7190
  mc10_mp100    6578    0.72   0.672   0.678    0.657    0.627   0.5962
  mc20_mp100    4483    0.58   0.576   0.552    0.512    0.490       NA
  mc50_mp100    2091    0.29   0.288   0.286    0.284    0.266       NA

== D. same genes, same nominal cutoff: how much does the ESTIMATE move? ==
         tag n_genes n_common cell_p001 canon_p001 cell_p01 canon_p01
    nofilter   57773    12173       652        702     1899      1777
   mc0_mp010   37326    12173       645        702     1766      1777
   mc1_mp010   28812    12173       658        702     1878      1777
   mc0_mp025   28484    12173       658        702     1880      1777
   mc0_mp050   23843    12173       645        702     1810      1777
   mc1_mp025   23586    12173       651        702     1757      1777
  fbe_design   23246    12173       664        702     1763      1777
   mc1_mp050   20673    12173       674        702     1748      1777
   mc0_mp075   20645    12173       668        702     1774      1777
   mc5_mp010   20132    12173       671        702     1694      1777
   mc0_mp090   18367    12173       657        702     1740      1777
   mc1_mp075   18351    12173       684        702     1757      1777
   mc5_mp025   18126    12173       666        702     1859      1777
  mc10_mp010   17072    12173       671        702     1863      1777
   mc1_mp090   16482    12173       687        702     1807      1777
   mc5_mp050   16411    12173       685        702     1833      1777
   fbe_group   15978    12173       699        702     1790      1777
  mc10_mp025   15726    12173       689        702     1814      1777
   mc5_mp075   14871    12173       692        702     1841      1777
  mc20_mp010   14541    12173       698        702     1819      1777
  mc10_mp050   14387    12173       706        702     1813      1777
 fbe_nogroup   13789    12173       696        702     1839      1777
   mc5_mp090   13588    12173       702        702     1812      1777
  mc20_mp025   13554    12173       693        702     1810      1777
  mc10_mp075   13203    12173       693        702     1818      1777
   mc0_mp100   12603    11753       701        689     1781      1739
  mc20_mp050   12566    12160       710        702     1817      1775
  mc10_mp090   12173    12173       702        702     1777      1777
  mc50_mp010   11771    11572       696        686     1768      1736
  mc20_mp075   11556    11548       687        685     1732      1729
   mc1_mp100   11111    10984       667        660     1693      1661
  mc50_mp025   10988    10907       679        666     1755      1668
  mc20_mp090   10532    10532       646        652     1610      1624
  mc50_mp050   10082    10072       642        640     1583      1586
  mc50_mp075    9137     9137       598        597     1482      1473
   mc5_mp100    8377     8377       572        557     1485      1355
  mc50_mp090    8002     8002       559        550     1387      1344
  mc10_mp100    6578     6578       497        482     1282      1143
  mc20_mp100    4483     4483       393        387      992       879
  mc50_mp100    2091     2091       225        217      550       469
 ratio_p001
     0.9288
     0.9188
     0.9373
     0.9373
     0.9188
     0.9274
     0.9459
     0.9601
     0.9516
     0.9558
     0.9359
     0.9744
     0.9487
     0.9558
     0.9786
     0.9758
     0.9957
     0.9815
     0.9858
     0.9943
     1.0057
     0.9915
     1.0000
     0.9872
     0.9872
     1.0174
     1.0114
     1.0000
     1.0146
     1.0029
     1.0106
     1.0195
     0.9908
     1.0031
     1.0017
     1.0269
     1.0164
     1.0311
     1.0155
     1.0369

== E. character of the DEGs the filter decides ==
                       set   n med_aveexpr med_detect10 med_abs_lfc
               DEG in both 679      5.2529       1.0000      0.2180
     DEG only in loose fit 202     -0.6444       0.1283      0.4744
 DEG only in canonical fit 703      5.2298       1.0000      0.1486
 in_canon_universe
                 1
                 0
                 1

wrote strata.csv decomposition.csv cat_curves.csv fixed_nominal.csv deg_character.csv
null device 
          1 
wrote runs/filter_sweep/filter_sweep.png
