=================== LI raw  started Wed Sep 30 18:26:01 EDT 2026 ===================
== bmind_de  contrast=LI adjust=raw ==
  samples 226 (74 vs 152) | genes 12368 | lineages 5 | covariates 11
  covariates: age, sexM, tobacco, rin, plate2, plate3, plate4, plate5, seqpc1, seqpc2, seqpc3
  31 chunks of up to 400 genes, ncore=6

  chunk   1/31   18.8s  ETA   9.4 min
  chunk   2/31   19.4s  ETA   9.2 min
  chunk   3/31   20.3s  ETA   9.1 min
  chunk   4/31   20.9s  ETA   8.9 min
  chunk   5/31   21.1s  ETA   8.7 min
  chunk   6/31   20.6s  ETA   8.4 min
=================== LI ilr  started Wed Sep 30 18:28:29 EDT 2026 ===================
== bmind_de  contrast=LI adjust=ilr ==
  samples 226 (74 vs 152) | genes 12368 | lineages 5 | covariates 15
  covariates: age, sexM, tobacco, rin, plate2, plate3, plate4, plate5, seqpc1, seqpc2, seqpc3, b1, b2, b3, b4
  31 chunks of up to 400 genes, ncore=6

  chunk   1/31   21.2s  ETA  10.6 min
  chunk   2/31   20.4s  ETA  10.0 min
  chunk   3/31   20.8s  ETA   9.7 min
  chunk   4/31   26.2s  ETA  10.0 min
  chunk   5/31   24.4s  ETA   9.8 min
  chunk   6/31   22.7s  ETA   9.4 min
  chunk   7/31   29.7s  ETA   9.4 min
  chunk   8/31   23.2s  ETA   9.0 min
  chunk   9/31   22.7s  ETA   8.6 min
  chunk  10/31   21.6s  ETA   8.1 min
  chunk  11/31   22.6s  ETA   7.7 min
  chunk  12/31   35.1s  ETA   7.7 min
  chunk  13/31   42.9s  ETA   7.7 min
  chunk  14/31   39.8s  ETA   7.6 min
  chunk  15/31   34.2s  ETA   7.2 min
  chunk  16/31   34.2s  ETA   6.9 min
  chunk  17/31   34.3s  ETA   6.5 min
  chunk  18/31   34.5s  ETA   6.1 min
  chunk  19/31   35.2s  ETA   5.7 min
  chunk  20/31   34.6s  ETA   5.3 min
  chunk  21/31   36.8s  ETA   4.9 min
  chunk  22/31   39.2s  ETA   4.5 min
  chunk  23/31   40.4s  ETA   4.0 min
  chunk  24/31   41.0s  ETA   3.6 min
  chunk  25/31   40.2s  ETA   3.1 min
  chunk  26/31   39.5s  ETA   2.6 min
  chunk  27/31   38.5s  ETA   2.1 min
  chunk  28/31   38.0s  ETA   1.6 min
  chunk  29/31   39.9s  ETA   1.1 min
  chunk  30/31   38.5s  ETA   0.5 min
  chunk  31/31   32.0s  ETA   0.0 min

assembling 31 chunks
  p-value matrix 12368 genes x 5 lineages
wrote results/bmind_LI_ilr.rds  [total 16.7 min]
=================== BPD raw  started Wed Sep 30 18:45:18 EDT 2026 ===================
== bmind_de  contrast=BPD adjust=raw ==
  samples 308 (234 vs 74) | genes 12368 | lineages 5 | covariates 12
  covariates: age, sexM, tobacco, groupB, rin, plate2, plate3, plate4, plate5, seqpc1, seqpc2, seqpc3
  31 chunks of up to 400 genes, ncore=6

  chunk   1/31   39.9s  ETA  20.0 min
  chunk   2/31   38.3s  ETA  18.9 min
  chunk   3/31   34.3s  ETA  17.5 min
  chunk   4/31   23.2s  ETA  15.3 min
  chunk   5/31   24.4s  ETA  13.9 min
  chunk   6/31   24.0s  ETA  12.8 min
  chunk   7/31   25.1s  ETA  11.9 min
  chunk   8/31   28.8s  ETA  11.4 min
  chunk   9/31   27.6s  ETA  10.8 min
  chunk  10/31   25.5s  ETA  10.2 min
  chunk  11/31   28.5s  ETA   9.7 min
  chunk  12/31   25.1s  ETA   9.1 min
  chunk  13/31   24.2s  ETA   8.5 min
  chunk  14/31   23.8s  ETA   7.9 min
  chunk  15/31   23.9s  ETA   7.4 min
  chunk  16/31   37.5s  ETA   7.1 min
  chunk  17/31   46.3s  ETA   6.9 min
  chunk  18/31   46.8s  ETA   6.6 min
  chunk  19/31   46.4s  ETA   6.2 min
  chunk  20/31   44.3s  ETA   5.8 min
  chunk  21/31   43.7s  ETA   5.4 min
  chunk  22/31   44.3s  ETA   4.9 min
  chunk  23/31   46.8s  ETA   4.5 min
  chunk  24/31   68.0s  ETA   4.1 min
  chunk  25/31  177.0s  ETA   4.1 min
  chunk  26/31   27.3s  ETA   3.3 min
  chunk  27/31   24.3s  ETA   2.6 min
  chunk  28/31   24.6s  ETA   2.0 min
  chunk  29/31   24.2s  ETA   1.3 min
  chunk  30/31   23.8s  ETA   0.6 min
  chunk  31/31   22.4s  ETA   0.0 min

assembling 31 chunks
  p-value matrix 12368 genes x 5 lineages
wrote results/bmind_BPD_raw.rds  [total 19.4 min]
=================== BPD ilr  started Wed Sep 30 19:04:46 EDT 2026 ===================
== bmind_de  contrast=BPD adjust=ilr ==
  samples 308 (234 vs 74) | genes 12368 | lineages 5 | covariates 16
  covariates: age, sexM, tobacco, groupB, rin, plate2, plate3, plate4, plate5, seqpc1, seqpc2, seqpc3, b1, b2, b3, b4
  31 chunks of up to 400 genes, ncore=6

  chunk   1/31   24.5s  ETA  12.3 min
  chunk   2/31   23.8s  ETA  11.7 min
  chunk   3/31   23.8s  ETA  11.2 min
  chunk   4/31   40.7s  ETA  12.7 min
  chunk   5/31   43.9s  ETA  13.6 min
  chunk   6/31   40.6s  ETA  13.7 min
  chunk   7/31   40.6s  ETA  13.6 min
  chunk   8/31   40.6s  ETA  13.3 min
  chunk   9/31   40.5s  ETA  13.0 min
  chunk  10/31   43.5s  ETA  12.7 min
  chunk  11/31   45.0s  ETA  12.3 min
  chunk  12/31   45.5s  ETA  12.0 min
  chunk  13/31   44.2s  ETA  11.5 min
  chunk  14/31   45.5s  ETA  11.0 min
  chunk  15/31   45.3s  ETA  10.5 min
  chunk  16/31   45.1s  ETA   9.9 min
  chunk  17/31   47.2s  ETA   9.3 min
  chunk  18/31   46.9s  ETA   8.8 min
  chunk  19/31   44.8s  ETA   8.1 min
  chunk  20/31   43.6s  ETA   7.5 min
  chunk  21/31   44.1s  ETA   6.8 min
  chunk  22/31   45.2s  ETA   6.2 min
  chunk  23/31   46.4s  ETA   5.5 min
  chunk  24/31  8905.2s  ETA  47.9 min
  chunk  25/31   99.0s  ETA  39.8 min
  chunk  26/31   58.3s  ETA  32.1 min
  chunk  27/31   42.6s  ETA  24.8 min
  chunk  28/31   43.3s  ETA  18.0 min
  chunk  29/31   44.0s  ETA  11.7 min
  chunk  30/31   43.1s  ETA   5.7 min
  chunk  31/31   41.0s  ETA   0.0 min

assembling 31 chunks
  p-value matrix 12368 genes x 5 lineages
wrote results/bmind_BPD_ilr.rds  [total 170.5 min]
=================== ALL DONE Wed Sep 30 21:55:17 EDT 2026 ===================
=================== LI raw  started Wed Sep 30 22:26:29 EDT 2026 ===================
== bmind_de  contrast=LI adjust=raw ==
  samples 226 (74 vs 152) | genes 12368 | lineages 5 | covariates 11
  covariates: age, sexM, tobacco, rin, plate2, plate3, plate4, plate5, seqpc1, seqpc2, seqpc3
  31 chunks of up to 400 genes, ncore=6

  chunk   1/31 cached
  chunk   2/31 cached
  chunk   3/31 cached
  chunk   4/31 cached
  chunk   5/31 cached
  chunk   6/31 cached
  chunk   7/31   32.0s  ETA   1.8 min
  chunk   8/31   23.2s  ETA   2.6 min
  chunk   9/31   24.5s  ETA   3.2 min
  chunk  10/31   22.3s  ETA   3.6 min
  chunk  11/31   23.6s  ETA   3.8 min
  chunk  12/31   23.2s  ETA   3.9 min
  chunk  13/31   23.6s  ETA   4.0 min
  chunk  14/31   26.6s  ETA   4.0 min
  chunk  15/31   26.3s  ETA   4.0 min
  chunk  16/31   25.6s  ETA   3.9 min
  chunk  17/31   23.7s  ETA   3.8 min
  chunk  18/31   22.9s  ETA   3.6 min
  chunk  19/31   23.3s  ETA   3.4 min
  chunk  20/31   29.6s  ETA   3.2 min
  chunk  21/31   42.6s  ETA   3.1 min
  chunk  22/31   30.6s  ETA   2.9 min
=================== LI ilr  started Wed Sep 30 22:33:55 EDT 2026 ===================
== bmind_de  contrast=LI adjust=ilr ==
  samples 226 (74 vs 152) | genes 12368 | lineages 5 | covariates 15
  covariates: age, sexM, tobacco, rin, plate2, plate3, plate4, plate5, seqpc1, seqpc2, seqpc3, b1, b2, b3, b4
  31 chunks of up to 400 genes, ncore=6

  chunk   1/31 cached
  chunk   2/31 cached
  chunk   3/31 cached
  chunk   4/31 cached
  chunk   5/31 cached
  chunk   6/31 cached
  chunk   7/31 cached
  chunk   8/31 cached
  chunk   9/31 cached
  chunk  10/31 cached
  chunk  11/31 cached
  chunk  12/31 cached
  chunk  13/31 cached
  chunk  14/31 cached
  chunk  15/31 cached
  chunk  16/31 cached
  chunk  17/31 cached
  chunk  18/31 cached
  chunk  19/31 cached
  chunk  20/31 cached
  chunk  21/31 cached
  chunk  22/31 cached
  chunk  23/31 cached
  chunk  24/31 cached
  chunk  25/31 cached
  chunk  26/31 cached
  chunk  27/31 cached
  chunk  28/31 cached
  chunk  29/31 cached
  chunk  30/31 cached
  chunk  31/31 cached

assembling 31 chunks
  p-value matrix 12368 genes x 5 lineages
wrote results/bmind_LI_ilr.rds  [total 0.0 min]
=================== BPD raw  started Wed Sep 30 22:33:58 EDT 2026 ===================
== bmind_de  contrast=BPD adjust=raw ==
  samples 308 (234 vs 74) | genes 12368 | lineages 5 | covariates 12
  covariates: age, sexM, tobacco, groupB, rin, plate2, plate3, plate4, plate5, seqpc1, seqpc2, seqpc3
  31 chunks of up to 400 genes, ncore=6

  chunk   1/31 cached
  chunk   2/31 cached
  chunk   3/31 cached
  chunk   4/31 cached
  chunk   5/31 cached
  chunk   6/31 cached
  chunk   7/31 cached
  chunk   8/31 cached
  chunk   9/31 cached
  chunk  10/31 cached
  chunk  11/31 cached
  chunk  12/31 cached
  chunk  13/31 cached
  chunk  14/31 cached
  chunk  15/31 cached
  chunk  16/31 cached
  chunk  17/31 cached
  chunk  18/31 cached
  chunk  19/31 cached
  chunk  20/31 cached
  chunk  21/31 cached
  chunk  22/31 cached
  chunk  23/31 cached
  chunk  24/31 cached
  chunk  25/31 cached
  chunk  26/31 cached
  chunk  27/31 cached
  chunk  28/31 cached
  chunk  29/31 cached
  chunk  30/31 cached
  chunk  31/31 cached

assembling 31 chunks
  p-value matrix 12368 genes x 5 lineages
wrote results/bmind_BPD_raw.rds  [total 0.0 min]
=================== BPD ilr  started Wed Sep 30 22:34:01 EDT 2026 ===================
== bmind_de  contrast=BPD adjust=ilr ==
  samples 308 (234 vs 74) | genes 12368 | lineages 5 | covariates 16
  covariates: age, sexM, tobacco, groupB, rin, plate2, plate3, plate4, plate5, seqpc1, seqpc2, seqpc3, b1, b2, b3, b4
  31 chunks of up to 400 genes, ncore=6

  chunk   1/31 cached
  chunk   2/31 cached
  chunk   3/31 cached
  chunk   4/31 cached
  chunk   5/31 cached
  chunk   6/31 cached
  chunk   7/31 cached
  chunk   8/31 cached
  chunk   9/31 cached
  chunk  10/31 cached
  chunk  11/31 cached
  chunk  12/31 cached
  chunk  13/31 cached
  chunk  14/31 cached
  chunk  15/31 cached
  chunk  16/31 cached
  chunk  17/31 cached
  chunk  18/31 cached
  chunk  19/31 cached
  chunk  20/31 cached
  chunk  21/31 cached
  chunk  22/31 cached
  chunk  23/31 cached
  chunk  24/31 cached
  chunk  25/31 cached
  chunk  26/31 cached
  chunk  27/31 cached
  chunk  28/31 cached
  chunk  29/31 cached
  chunk  30/31 cached
  chunk  31/31 cached

assembling 31 chunks
  p-value matrix 12368 genes x 5 lineages
wrote results/bmind_BPD_ilr.rds  [total 0.0 min]
=================== ALL DONE Wed Sep 30 22:34:03 EDT 2026 ===================
